Archive member included to satisfy reference by file (symbol)

c:/nxp/mcuxpressoide_10.2.0_759/ide/tools/bin/../lib/gcc/arm-none-eabi/7.2.1/../../../../arm-none-eabi/lib/thumb/v7e-m/fpv4-sp/hard\libcr_c.a(memcpy.o)
                              ./source/fsm.o (memcpy)
c:/nxp/mcuxpressoide_10.2.0_759/ide/tools/bin/../lib/gcc/arm-none-eabi/7.2.1/../../../../arm-none-eabi/lib/thumb/v7e-m/fpv4-sp/hard\libcr_c.a(memset.o)
                              ./source/fsm.o (memset)
c:/nxp/mcuxpressoide_10.2.0_759/ide/tools/bin/../lib/gcc/arm-none-eabi/7.2.1/../../../../arm-none-eabi/lib/thumb/v7e-m/fpv4-sp/hard\libcr_c.a(fpprintf.o)
                              ./source/App.o (printf)
c:/nxp/mcuxpressoide_10.2.0_759/ide/tools/bin/../lib/gcc/arm-none-eabi/7.2.1/../../../../arm-none-eabi/lib/thumb/v7e-m/fpv4-sp/hard\libcr_c.a(printf.o)
                              c:/nxp/mcuxpressoide_10.2.0_759/ide/tools/bin/../lib/gcc/arm-none-eabi/7.2.1/../../../../arm-none-eabi/lib/thumb/v7e-m/fpv4-sp/hard\libcr_c.a(fpprintf.o) (__vfprintf)
c:/nxp/mcuxpressoide_10.2.0_759/ide/tools/bin/../lib/gcc/arm-none-eabi/7.2.1/../../../../arm-none-eabi/lib/thumb/v7e-m/fpv4-sp/hard\libcr_c.a(strlen.o)
                              c:/nxp/mcuxpressoide_10.2.0_759/ide/tools/bin/../lib/gcc/arm-none-eabi/7.2.1/../../../../arm-none-eabi/lib/thumb/v7e-m/fpv4-sp/hard\libcr_c.a(printf.o) (strlen)
c:/nxp/mcuxpressoide_10.2.0_759/ide/tools/bin/../lib/gcc/arm-none-eabi/7.2.1/../../../../arm-none-eabi/lib/thumb/v7e-m/fpv4-sp/hard\libcr_c.a(_deferredlazyseek.o)
                              c:/nxp/mcuxpressoide_10.2.0_759/ide/tools/bin/../lib/gcc/arm-none-eabi/7.2.1/../../../../arm-none-eabi/lib/thumb/v7e-m/fpv4-sp/hard\libcr_c.a(fpprintf.o) (__flsbuf)
c:/nxp/mcuxpressoide_10.2.0_759/ide/tools/bin/../lib/gcc/arm-none-eabi/7.2.1/../../../../arm-none-eabi/lib/thumb/v7e-m/fpv4-sp/hard\libcr_c.a(_fflush.o)
                              c:/nxp/mcuxpressoide_10.2.0_759/ide/tools/bin/../lib/gcc/arm-none-eabi/7.2.1/../../../../arm-none-eabi/lib/thumb/v7e-m/fpv4-sp/hard\libcr_c.a(_deferredlazyseek.o) (_fflush)
c:/nxp/mcuxpressoide_10.2.0_759/ide/tools/bin/../lib/gcc/arm-none-eabi/7.2.1/../../../../arm-none-eabi/lib/thumb/v7e-m/fpv4-sp/hard\libcr_c.a(_frexpl.o)
                              c:/nxp/mcuxpressoide_10.2.0_759/ide/tools/bin/../lib/gcc/arm-none-eabi/7.2.1/../../../../arm-none-eabi/lib/thumb/v7e-m/fpv4-sp/hard\libcr_c.a(fpprintf.o) (_frexpl)
c:/nxp/mcuxpressoide_10.2.0_759/ide/tools/bin/../lib/gcc/arm-none-eabi/7.2.1/../../../../arm-none-eabi/lib/thumb/v7e-m/fpv4-sp/hard\libcr_c.a(_ldexpl.o)
                              c:/nxp/mcuxpressoide_10.2.0_759/ide/tools/bin/../lib/gcc/arm-none-eabi/7.2.1/../../../../arm-none-eabi/lib/thumb/v7e-m/fpv4-sp/hard\libcr_c.a(fpprintf.o) (_ldexpl)
c:/nxp/mcuxpressoide_10.2.0_759/ide/tools/bin/../lib/gcc/arm-none-eabi/7.2.1/../../../../arm-none-eabi/lib/thumb/v7e-m/fpv4-sp/hard\libcr_c.a(_writebuf.o)
                              c:/nxp/mcuxpressoide_10.2.0_759/ide/tools/bin/../lib/gcc/arm-none-eabi/7.2.1/../../../../arm-none-eabi/lib/thumb/v7e-m/fpv4-sp/hard\libcr_c.a(_deferredlazyseek.o) (_Cwritebuf)
c:/nxp/mcuxpressoide_10.2.0_759/ide/tools/bin/../lib/gcc/arm-none-eabi/7.2.1/../../../../arm-none-eabi/lib/thumb/v7e-m/fpv4-sp/hard\libcr_c.a(alloc.o)
                              c:/nxp/mcuxpressoide_10.2.0_759/ide/tools/bin/../lib/gcc/arm-none-eabi/7.2.1/../../../../arm-none-eabi/lib/thumb/v7e-m/fpv4-sp/hard\libcr_c.a(fpprintf.o) (malloc)
c:/nxp/mcuxpressoide_10.2.0_759/ide/tools/bin/../lib/gcc/arm-none-eabi/7.2.1/../../../../arm-none-eabi/lib/thumb/v7e-m/fpv4-sp/hard\libcr_c.a(errno.o)
                              c:/nxp/mcuxpressoide_10.2.0_759/ide/tools/bin/../lib/gcc/arm-none-eabi/7.2.1/../../../../arm-none-eabi/lib/thumb/v7e-m/fpv4-sp/hard\libcr_c.a(_ldexpl.o) (errno)
c:/nxp/mcuxpressoide_10.2.0_759/ide/tools/bin/../lib/gcc/arm-none-eabi/7.2.1/../../../../arm-none-eabi/lib/thumb/v7e-m/fpv4-sp/hard\libcr_c.a(fseek.o)
                              c:/nxp/mcuxpressoide_10.2.0_759/ide/tools/bin/../lib/gcc/arm-none-eabi/7.2.1/../../../../arm-none-eabi/lib/thumb/v7e-m/fpv4-sp/hard\libcr_c.a(_deferredlazyseek.o) (fseek)
c:/nxp/mcuxpressoide_10.2.0_759/ide/tools/bin/../lib/gcc/arm-none-eabi/7.2.1/../../../../arm-none-eabi/lib/thumb/v7e-m/fpv4-sp/hard\libcr_c.a(ftell.o)
                              c:/nxp/mcuxpressoide_10.2.0_759/ide/tools/bin/../lib/gcc/arm-none-eabi/7.2.1/../../../../arm-none-eabi/lib/thumb/v7e-m/fpv4-sp/hard\libcr_c.a(fseek.o) (ftell)
c:/nxp/mcuxpressoide_10.2.0_759/ide/tools/bin/../lib/gcc/arm-none-eabi/7.2.1/../../../../arm-none-eabi/lib/thumb/v7e-m/fpv4-sp/hard\libcr_c.a(__init_alloc.o)
                              c:/nxp/mcuxpressoide_10.2.0_759/ide/tools/bin/../lib/gcc/arm-none-eabi/7.2.1/../../../../arm-none-eabi/lib/thumb/v7e-m/fpv4-sp/hard\libcr_c.a(alloc.o) (__heaps)
[...]
Memory Configuration

Name             Origin             Length             Attributes
PROGRAM_FLASH    0x00000000         0x00100000         xr
SRAM_UPPER       0x20000000         0x00030000         xrw
SRAM_LOWER       0x1fff0000         0x00010000         xrw
FLEX_RAM         0x14000000         0x00001000         xrw
*default*        0x00000000         0xffffffff

Linker script and memory map

LOAD ./source/App.o
LOAD ./source/SysTick.o
LOAD ./source/drv_FRDM.o
LOAD ./source/drv_display.o
LOAD ./source/drv_leds.o
LOAD ./source/drv_switch.o
LOAD ./source/fsm.o
LOAD ./source/gpio.o
LOAD ./source/lectora.o
LOAD ./source/timer.o
LOAD ./SDK/startup/hardware.o
LOAD ./SDK/startup/main.o
LOAD ./SDK/startup/semihost_hardfault.o
LOAD ./SDK/startup/startup_mk64f12.o
LOAD ./SDK/CMSIS/system_MK64F12.o
START GROUP
LOAD c:/nxp/mcuxpressoide_10.2.0_759/ide/tools/bin/../lib/gcc/arm-none-eabi/7.2.1/../../../../arm-none-eabi/lib/thumb/v7e-m/fpv4-sp/hard\libcr_semihost_nf.a
LOAD c:/nxp/mcuxpressoide_10.2.0_759/ide/tools/bin/../lib/gcc/arm-none-eabi/7.2.1/../../../../arm-none-eabi/lib/thumb/v7e-m/fpv4-sp/hard\libcr_c.a
LOAD c:/nxp/mcuxpressoide_10.2.0_759/ide/tools/bin/../lib/gcc/arm-none-eabi/7.2.1/thumb/v7e-m/fpv4-sp/hard\libcr_eabihelpers.a
END GROUP
                0x00000000                __base_PROGRAM_FLASH = 0x0
                0x00000000                __base_Flash = 0x0
                0x00100000                __top_PROGRAM_FLASH = 0x100000
                0x00100000                __top_Flash = 0x100000
                0x20000000                __base_SRAM_UPPER = 0x20000000
                0x20000000                __base_RAM = 0x20000000
                0x20030000                __top_SRAM_UPPER = 0x20030000
                0x20030000                __top_RAM = 0x20030000
                0x1fff0000                __base_SRAM_LOWER = 0x1fff0000
                0x1fff0000                __base_RAM2 = 0x1fff0000
                0x20000000                __top_SRAM_LOWER = 0x20000000
                0x20000000                __top_RAM2 = 0x20000000
                0x14000000                __base_FLEX_RAM = 0x14000000
                0x14000000                __base_RAM3 = 0x14000000
                0x14001000                __top_FLEX_RAM = 0x14001000
                0x14001000                __top_RAM3 = 0x14001000

.text           0x00000000     0x55d0
 FILL mask 0xff
                0x00000000                __vectors_start__ = ABSOLUTE (.)
 *(SORT_BY_ALIGNMENT(.isr_vector))
 .isr_vector    0x00000000      0x198 ./SDK/startup/startup_mk64f12.o
                0x00000000                g_pfnVectors
                0x00000000                __Vectors
                0x00000198                . = ALIGN (0x4)
                0x00000198                __section_table_start = .
                0x00000198                __data_section_table = .
                0x00000198        0x4 LONG 0x55d0 LOADADDR (.data)
                0x0000019c        0x4 LONG 0x20000000 ADDR (.data)
                0x000001a0        0x4 LONG 0xd8 SIZEOF (.data)
                0x000001a4        0x4 LONG 0x55d0 LOADADDR (.data_RAM2)
                0x000001a8        0x4 LONG 0x1fff0000 ADDR (.data_RAM2)
                0x000001ac        0x4 LONG 0x0 SIZEOF (.data_RAM2)
                0x000001b0        0x4 LONG 0x55d0 LOADADDR (.data_RAM3)
                0x000001b4        0x4 LONG 0x14000000 ADDR (.data_RAM3)
                0x000001b8        0x4 LONG 0x0 SIZEOF (.data_RAM3)
                0x000001bc                __data_section_table_end = .
                0x000001bc                __bss_section_table = .
                0x000001bc        0x4 LONG 0x200000d8 ADDR (.bss)
                0x000001c0        0x4 LONG 0xe20 SIZEOF (.bss)
                0x000001c4        0x4 LONG 0x1fff0000 ADDR (.bss_RAM2)
                0x000001c8        0x4 LONG 0x0 SIZEOF (.bss_RAM2)
                0x000001cc        0x4 LONG 0x14000000 ADDR (.bss_RAM3)
                0x000001d0        0x4 LONG 0x0 SIZEOF (.bss_RAM3)
                0x000001d4                __bss_section_table_end = .
                0x000001d4                __section_table_end = .
 *(SORT_BY_ALIGNMENT(.after_vectors*))
 .after_vectors.reset
                0x000001d4       0x4c ./SDK/startup/startup_mk64f12.o
                0x000001d4                ResetISR
 .after_vectors.init_data
                0x00000220       0x1e ./SDK/startup/startup_mk64f12.o
                0x00000220                data_init
 .after_vectors.init_bss
                0x0000023e       0x12 ./SDK/startup/startup_mk64f12.o
                0x0000023e                bss_init
 .after_vectors
                0x00000250       0x14 ./SDK/startup/startup_mk64f12.o
                0x00000250                NMI_Handler
                0x00000254                MemManage_Handler
                0x00000256                BusFault_Handler
                0x00000258                UsageFault_Handler
                0x0000025a                SVC_Handler
                0x0000025c                DebugMon_Handler
                0x0000025e                PendSV_Handler
                0x00000262                DMA_Error_DriverIRQHandler
                0x00000262                LPTMR0_DriverIRQHandler
                0x00000262                FTM1_DriverIRQHandler
                0x00000262                FTM2_DriverIRQHandler
                0x00000262                PIT2_DriverIRQHandler
                0x00000262                SDHC_DriverIRQHandler
                0x00000262                I2S0_Tx_DriverIRQHandler
                0x00000262                RTC_Seconds_DriverIRQHandler
                0x00000262                DMA6_DriverIRQHandler
                0x00000262                LLWU_DriverIRQHandler
                0x00000262                MCM_DriverIRQHandler
                0x00000262                MCG_DriverIRQHandler
                0x00000262                ENET_1588_Timer_DriverIRQHandler
                0x00000262                I2C2_DriverIRQHandler
                0x00000262                DAC1_DriverIRQHandler
                0x00000262                SPI1_DriverIRQHandler
                0x00000262                CMP1_DriverIRQHandler
                0x00000262                UART5_RX_TX_DriverIRQHandler
                0x00000262                FTM0_DriverIRQHandler
                0x00000262                IntDefaultHandler
                0x00000262                USB0_DriverIRQHandler
                0x00000262                UART5_ERR_DriverIRQHandler
                0x00000262                PORTC_DriverIRQHandler
                0x00000262                DMA11_DriverIRQHandler
                0x00000262                DAC0_DriverIRQHandler
                0x00000262                DMA10_DriverIRQHandler
                0x00000262                CMP2_DriverIRQHandler
                0x00000262                UART2_ERR_DriverIRQHandler
                0x00000262                SPI2_DriverIRQHandler
                0x00000262                LVD_LVW_DriverIRQHandler
                0x00000262                PIT0_DriverIRQHandler
                0x00000262                RNG_DriverIRQHandler
                0x00000262                DMA5_DriverIRQHandler
                0x00000262                DMA12_DriverIRQHandler
                0x00000262                UART2_RX_TX_DriverIRQHandler
                0x00000262                USBDCD_DriverIRQHandler
                0x00000262                UART3_ERR_DriverIRQHandler
                0x00000262                DMA3_DriverIRQHandler
                0x00000262                DMA8_DriverIRQHandler
                0x00000262                DMA9_DriverIRQHandler
                0x00000262                UART0_ERR_DriverIRQHandler
                0x00000262                CMT_DriverIRQHandler
                0x00000262                Reserved71_DriverIRQHandler
                0x00000262                ADC1_DriverIRQHandler
                0x00000262                PORTA_DriverIRQHandler
                0x00000262                DMA14_DriverIRQHandler
                0x00000262                PIT3_DriverIRQHandler
                0x00000262                PIT1_DriverIRQHandler
                0x00000262                WDOG_EWM_DriverIRQHandler
                0x00000262                PDB0_DriverIRQHandler
                0x00000262                RTC_DriverIRQHandler
                0x00000262                I2S0_Rx_DriverIRQHandler
                0x00000262                Read_Collision_DriverIRQHandler
                0x00000262                SWI_DriverIRQHandler
                0x00000262                UART4_RX_TX_DriverIRQHandler
                0x00000262                UART4_ERR_DriverIRQHandler
                0x00000262                PORTB_DriverIRQHandler
                0x00000262                UART0_LON_DriverIRQHandler
                0x00000262                DMA0_DriverIRQHandler
                0x00000262                DMA1_DriverIRQHandler
                0x00000262                I2C1_DriverIRQHandler
                0x00000262                UART3_RX_TX_DriverIRQHandler
                0x00000262                ENET_Receive_DriverIRQHandler
                0x00000262                DMA13_DriverIRQHandler
                0x00000262                ENET_Error_DriverIRQHandler
                0x00000262                DMA15_DriverIRQHandler
                0x00000262                UART0_RX_TX_DriverIRQHandler
                0x00000262                SPI0_DriverIRQHandler
                0x00000262                ADC0_DriverIRQHandler
                0x00000262                CMP0_DriverIRQHandler
                0x00000262                CAN0_DriverIRQHandler
                0x00000262                FTM3_DriverIRQHandler
                0x00000262                DMA4_DriverIRQHandler
                0x00000262                UART1_ERR_DriverIRQHandler
                0x00000262                DMA2_DriverIRQHandler
                0x00000262                ENET_Transmit_DriverIRQHandler
                0x00000262                PORTD_DriverIRQHandler
                0x00000262                PORTE_DriverIRQHandler
                0x00000262                FTFE_DriverIRQHandler
                0x00000262                I2C0_DriverIRQHandler
                0x00000262                DMA7_DriverIRQHandler
                0x00000262                UART1_RX_TX_DriverIRQHandler
                0x00000400                . = 0x400
 *fill*         0x00000264      0x19c ff
                0x00000400                PROVIDE (__FLASH_CONFIG_START__, .)
 *(SORT_BY_ALIGNMENT(.FlashConfig))
 .FlashConfig   0x00000400       0x10 ./SDK/startup/startup_mk64f12.o
                0x00000400                Flash_Config
                0x00000410                PROVIDE (__FLASH_CONFIG_END__, .)
                0x00000001                ASSERT (! ((__FLASH_CONFIG_START__ == __FLASH_CONFIG_END__)), Linker Flash Config Support Enabled, but no .FlashConfig section provided within application)
 *(SORT_BY_ALIGNMENT(.text*))
 .text.fp_display
                0x00000410      0x974 c:/nxp/mcuxpressoide_10.2.0_759/ide/tools/bin/../lib/gcc/arm-none-eabi/7.2.1/../../../../arm-none-eabi/lib/thumb/v7e-m/fpv4-sp/hard\libcr_c.a(fpprintf.o)
 *fill*         0x00000d84        0x4 ff
 .text._frexpl  0x00000d88       0x68 c:/nxp/mcuxpressoide_10.2.0_759/ide/tools/bin/../lib/gcc/arm-none-eabi/7.2.1/../../../../arm-none-eabi/lib/thumb/v7e-m/fpv4-sp/hard\libcr_c.a(_frexpl.o)
                0x00000d88                _frexpl
 .text._ldexpl  0x00000df0       0x58 c:/nxp/mcuxpressoide_10.2.0_759/ide/tools/bin/../lib/gcc/arm-none-eabi/7.2.1/../../../../arm-none-eabi/lib/thumb/v7e-m/fpv4-sp/hard\libcr_c.a(_ldexpl.o)
                0x00000df0                _ldexpl
 .text.SysTick_Init
                0x00000e48       0x5c ./source/SysTick.o
                0x00000e48                SysTick_Init
 .text.SysTick_Handler
                0x00000ea4       0x2c ./source/SysTick.o
                0x00000ea4                SysTick_Handler
 .text.DRV_FRDM_Init_LEDs
                0x00000ed0       0x48 ./source/drv_FRDM.o
                0x00000ed0                DRV_FRDM_Init_LEDs
 .text.turnOn_Secs_RED
                0x00000f18       0x34 ./source/drv_FRDM.o
                0x00000f18                turnOn_Secs_RED
 .text.turnOn_Secs_GREEN
                0x00000f4c       0x34 ./source/drv_FRDM.o
                0x00000f4c                turnOn_Secs_GREEN
 .text.DRV_Init_Display
                0x00000f80       0x78 ./source/drv_display.o
                0x00000f80                DRV_Init_Display
 .text.print2display
                0x00000ff8       0x3c ./source/drv_display.o
                0x00000ff8                print2display
 .text.setPointer
                0x00001034       0x20 ./source/drv_display.o
                0x00001034                setPointer
 .text.changeBright
                0x00001054       0x70 ./source/drv_display.o
                0x00001054                changeBright
 .text.refreshDisplay
                0x000010c4       0x5c ./source/drv_display.o
 .text.sendChar
                0x00001120       0xbc ./source/drv_display.o
 .text.set7Seg  0x000011dc       0x64 ./source/drv_display.o
 .text.setDigit
                0x00001240       0x50 ./source/drv_display.o
 .text.DRV_Init_LEDs
                0x00001290       0x30 ./source/drv_leds.o
                0x00001290                DRV_Init_LEDs
 .text.printStatus
                0x000012c0       0x48 ./source/drv_leds.o
 .text.changeState
                0x00001308       0x20 ./source/drv_leds.o
                0x00001308                changeState
 .text.DRV_Init_Switch
                0x00001328       0x5c ./source/drv_switch.o
                0x00001328                DRV_Init_Switch
 .text.getEvent
                0x00001384       0x28 ./source/drv_switch.o
                0x00001384                getEvent
 .text.IRQ_RchA
                0x000013ac       0x50 ./source/drv_switch.o
 .text.makeTurn
                0x000013fc       0x2c ./source/drv_switch.o
 .text.IRQ_RSwitch
                0x00001428       0x40 ./source/drv_switch.o
 .text.btnPressed
                0x00001468       0xa0 ./source/drv_switch.o
 .text.clearScreenId
                0x00001508       0x54 ./source/fsm.o
                0x00001508                clearScreenId
 .text.clearScreenPass
                0x0000155c       0x68 ./source/fsm.o
                0x0000155c                clearScreenPass
 .text.loadUsers
                0x000015c4       0x5c ./source/fsm.o
                0x000015c4                loadUsers
 .text.FSM_Run  0x00001620       0x60 ./source/fsm.o
                0x00001620                FSM_Run
 .text.read_event
                0x00001680      0x124 ./source/fsm.o
                0x00001680                read_event
 .text.wait_derivate
                0x000017a4       0x8c ./source/fsm.o
                0x000017a4                wait_derivate
 .text.password_derivate
                0x00001830       0x74 ./source/fsm.o
                0x00001830                password_derivate
 .text.block_derivate
                0x000018a4       0x48 ./source/fsm.o
                0x000018a4                block_derivate
 .text.wait_carderror_handler
                0x000018ec       0x3c ./source/fsm.o
                0x000018ec                wait_carderror_handler
 .text.wait_turn_handler
                0x00001928      0x118 ./source/fsm.o
                0x00001928                wait_turn_handler
 .text.wait_press_handler
                0x00001a40       0x2c ./source/fsm.o
                0x00001a40                wait_press_handler
 .text.wait_doublepress_handler
                0x00001a6c      0x184 ./source/fsm.o
                0x00001a6c                wait_doublepress_handler
 .text.wait_pass_handler
                0x00001bf0       0xd4 ./source/fsm.o
                0x00001bf0                wait_pass_handler
 .text.password_turn_handler
                0x00001cc4      0x164 ./source/fsm.o
                0x00001cc4                password_turn_handler
 .text.password_press_handler
                0x00001e28       0x2c ./source/fsm.o
                0x00001e28                password_press_handler
 .text.password_doublepress_handler
                0x00001e54      0x1f0 ./source/fsm.o
                0x00001e54                password_doublepress_handler
 .text.clearUser
                0x00002044       0x50 ./source/fsm.o
                0x00002044                clearUser
 .text.printDisplay
                0x00002094       0x98 ./source/fsm.o
                0x00002094                printDisplay
 .text.printDisplayPassword
                0x0000212c       0xc8 ./source/fsm.o
                0x0000212c                printDisplayPassword
 .text.saveNewUserId
                0x000021f4       0x60 ./source/fsm.o
                0x000021f4                saveNewUserId
 .text.__NVIC_EnableIRQ
                0x00002254       0x3c ./source/gpio.o
 .text.__NVIC_SetPriority
                0x00002290       0x54 ./source/gpio.o
 .text.gpioIRQ  0x000022e4      0x174 ./source/gpio.o
                0x000022e4                gpioIRQ
 .text.pinMode  0x00002458       0xfc ./source/gpio.o
 .text.init_clk
                0x00002554       0x38 ./source/gpio.o
 .text.IRQs_Handler
                0x0000258c       0x20 ./source/gpio.o
                0x0000258c                IRQs_Handler
 .text.Search_ISF
                0x000025ac      0x148 ./source/gpio.o
                0x000025ac                Search_ISF
 .text.PORTA_IRQHandler
                0x000026f4       0x44 ./source/gpio.o
                0x000026f4                PORTA_IRQHandler
 .text.PORTB_IRQHandler
                0x00002738       0x48 ./source/gpio.o
                0x00002738                PORTB_IRQHandler
 .text.PORTC_IRQHandler
                0x00002780       0x48 ./source/gpio.o
                0x00002780                PORTC_IRQHandler
 .text.PORTD_IRQHandler
                0x000027c8       0x48 ./source/gpio.o
                0x000027c8                PORTD_IRQHandler
 .text.PORTE_IRQHandler
                0x00002810       0x48 ./source/gpio.o
                0x00002810                PORTE_IRQHandler
 .text.lectora_init
                0x00002858       0x4c ./source/lectora.o
                0x00002858                lectora_init
 .text.readLectoraStatus
                0x000028a4      0x14c ./source/lectora.o
                0x000028a4                readLectoraStatus
 .text.readLectoraCardInfo
                0x000029f0       0x88 ./source/lectora.o
                0x000029f0                readLectoraCardInfo
 .text.callback_saveCardValue
                0x00002a78       0xbc ./source/lectora.o
 .text.callback_changeStatus
                0x00002b34       0xa8 ./source/lectora.o
 .text.callback_lectoraTimeOut
                0x00002bdc       0x18 ./source/lectora.o
 .text.timerInit
                0x00002bf4       0x28 ./source/timer.o
                0x00002bf4                timerInit
 .text.timerGetId
                0x00002c1c       0x5c ./source/timer.o
                0x00002c1c                timerGetId
 .text.timerStart
                0x00002c78      0x130 ./source/timer.o
                0x00002c78                timerStart
 .text.timerStop
                0x00002da8       0x58 ./source/timer.o
                0x00002da8                timerStop
 .text.timerExpired
                0x00002e00       0x4c ./source/timer.o
                0x00002e00                timerExpired
 .text.timerRunning
                0x00002e4c       0x38 ./source/timer.o
                0x00002e4c                timerRunning
 .text.timer_isr
                0x00002e84       0xf4 ./source/timer.o
 .text.hw_Init  0x00002f78      0x10c ./SDK/startup/hardware.o
                0x00002f78                hw_Init
 .text.hw_EnableInterrupts
                0x00003084       0x30 ./SDK/startup/hardware.o
                0x00003084                hw_EnableInterrupts
 .text.hw_DisableInterrupts
                0x000030b4       0x20 ./SDK/startup/hardware.o
                0x000030b4                hw_DisableInterrupts
 .text.SystemInit
                0x000030d4       0x3c ./SDK/CMSIS/system_MK64F12.o
                0x000030d4                SystemInit
 .text.sprintf  0x00003110       0x6c c:/nxp/mcuxpressoide_10.2.0_759/ide/tools/bin/../lib/gcc/arm-none-eabi/7.2.1/../../../../arm-none-eabi/lib/thumb/v7e-m/fpv4-sp/hard\libcr_c.a(fpprintf.o)
                0x00003110                sprintf
 .text.vsnprintf
                0x0000317c       0x5c c:/nxp/mcuxpressoide_10.2.0_759/ide/tools/bin/../lib/gcc/arm-none-eabi/7.2.1/../../../../arm-none-eabi/lib/thumb/v7e-m/fpv4-sp/hard\libcr_c.a(fpprintf.o)
                0x0000317c                vsnprintf
 .text.printf   0x000031d8       0x54 c:/nxp/mcuxpressoide_10.2.0_759/ide/tools/bin/../lib/gcc/arm-none-eabi/7.2.1/../../../../arm-none-eabi/lib/thumb/v7e-m/fpv4-sp/hard\libcr_c.a(fpprintf.o)
                0x000031d8                printf
 .text.__vfprintf
                0x0000322c      0xb98 c:/nxp/mcuxpressoide_10.2.0_759/ide/tools/bin/../lib/gcc/arm-none-eabi/7.2.1/../../../../arm-none-eabi/lib/thumb/v7e-m/fpv4-sp/hard\libcr_c.a(printf.o)
                0x0000322c                __vfprintf
 .text._Cwritebuf
                0x00003dc4       0x6c c:/nxp/mcuxpressoide_10.2.0_759/ide/tools/bin/../lib/gcc/arm-none-eabi/7.2.1/../../../../arm-none-eabi/lib/thumb/v7e-m/fpv4-sp/hard\libcr_c.a(_writebuf.o)
                0x00003dc4                _Cwritebuf
 .text.malloc   0x00003e30       0xc8 c:/nxp/mcuxpressoide_10.2.0_759/ide/tools/bin/../lib/gcc/arm-none-eabi/7.2.1/../../../../arm-none-eabi/lib/thumb/v7e-m/fpv4-sp/hard\libcr_c.a(alloc.o)
                0x00003e30                malloc
 .text._Csys_alloc
                0x00003ef8       0x20 c:/nxp/mcuxpressoide_10.2.0_759/ide/tools/bin/../lib/gcc/arm-none-eabi/7.2.1/../../../../arm-none-eabi/lib/thumb/v7e-m/fpv4-sp/hard\libcr_c.a(alloc.o)
                0x00003ef8                _Csys_alloc
 .text.fseek    0x00003f18      0x100 c:/nxp/mcuxpressoide_10.2.0_759/ide/tools/bin/../lib/gcc/arm-none-eabi/7.2.1/../../../../arm-none-eabi/lib/thumb/v7e-m/fpv4-sp/hard\libcr_c.a(fseek.o)
                0x00003f18                fseek
 .text.ftell    0x00004018       0x44 c:/nxp/mcuxpressoide_10.2.0_759/ide/tools/bin/../lib/gcc/arm-none-eabi/7.2.1/../../../../arm-none-eabi/lib/thumb/v7e-m/fpv4-sp/hard\libcr_c.a(ftell.o)
                0x00004018                ftell
 .text._sbrk    0x0000405c       0x3c c:/nxp/mcuxpressoide_10.2.0_759/ide/tools/bin/../lib/gcc/arm-none-eabi/7.2.1/../../../../arm-none-eabi/lib/thumb/v7e-m/fpv4-sp/hard\libcr_c.a(_cr_sbrk.o)
                0x0000405c                _sbrk
 .text.__check_heap_overflow
                0x00004098       0x18 c:/nxp/mcuxpressoide_10.2.0_759/ide/tools/bin/../lib/gcc/arm-none-eabi/7.2.1/../../../../arm-none-eabi/lib/thumb/v7e-m/fpv4-sp/hard\libcr_c.a(_cr_check_heap.o)
                0x00004098                __check_heap_overflow
 .text.__aeabi_dmul
                0x000040b0      0x11c c:/nxp/mcuxpressoide_10.2.0_759/ide/tools/bin/../lib/gcc/arm-none-eabi/7.2.1/thumb/v7e-m/fpv4-sp/hard\libcr_eabihelpers.a(double.o)
                0x000040b0                __aeabi_dmul
 .text.__aeabi_ddiv
                0x000041cc      0x138 c:/nxp/mcuxpressoide_10.2.0_759/ide/tools/bin/../lib/gcc/arm-none-eabi/7.2.1/thumb/v7e-m/fpv4-sp/hard\libcr_eabihelpers.a(double.o)
                0x000041cc                __aeabi_ddiv
 .text.__aeabi_dsub
                0x00004304      0x1b4 c:/nxp/mcuxpressoide_10.2.0_759/ide/tools/bin/../lib/gcc/arm-none-eabi/7.2.1/thumb/v7e-m/fpv4-sp/hard\libcr_eabihelpers.a(double.o)
                0x00004304                __aeabi_dsub
 .text.__aeabi_dadd
                0x000044b8      0x10c c:/nxp/mcuxpressoide_10.2.0_759/ide/tools/bin/../lib/gcc/arm-none-eabi/7.2.1/thumb/v7e-m/fpv4-sp/hard\libcr_eabihelpers.a(double.o)
                0x000044b8                __aeabi_dadd
 .text.__sys_appexit
                0x000045c4        0xc c:/nxp/mcuxpressoide_10.2.0_759/ide/tools/bin/../lib/gcc/arm-none-eabi/7.2.1/../../../../arm-none-eabi/lib/thumb/v7e-m/fpv4-sp/hard\libcr_semihost_nf.a(__sys_appexit.o)
                0x000045c4                __sys_appexit
                0x000045c4                __exit
 .text.TurnOn_LED_FRDM_GREEN
                0x000045d0       0x10 ./source/drv_FRDM.o
                0x000045d0                TurnOn_LED_FRDM_GREEN
 .text.TurnOn_LED_FRDM_BLUE
                0x000045e0       0x10 ./source/drv_FRDM.o
                0x000045e0                TurnOn_LED_FRDM_BLUE
 .text.TurnOn_LED_FRDM_RED
                0x000045f0       0x10 ./source/drv_FRDM.o
                0x000045f0                TurnOn_LED_FRDM_RED
 .text.TurnOff_LED_FRDM_GREEN
                0x00004600       0x10 ./source/drv_FRDM.o
                0x00004600                TurnOff_LED_FRDM_GREEN
 .text.TurnOff_LED_FRDM_BLUE
                0x00004610       0x10 ./source/drv_FRDM.o
                0x00004610                TurnOff_LED_FRDM_BLUE
 .text.TurnOff_LED_FRDM_RED
                0x00004620       0x10 ./source/drv_FRDM.o
                0x00004620                TurnOff_LED_FRDM_RED
 .text.setLED   0x00004630       0x40 ./source/drv_leds.o
 .text.compareArray
                0x00004670       0x4a ./source/fsm.o
                0x00004670                compareArray
 .text.compareCharArray
                0x000046ba       0x46 ./source/fsm.o
                0x000046ba                compareCharArray
 .text.printDisplayERR
                0x00004700       0x2c ./source/fsm.o
                0x00004700                printDisplayERR
 .text.clearOldUser
                0x0000472c        0xe ./source/fsm.o
                0x0000472c                clearOldUser
 .text.gpioMode
                0x0000473a       0x40 ./source/gpio.o
                0x0000473a                gpioMode
 .text.gpioWrite
                0x0000477a       0x42 ./source/gpio.o
                0x0000477a                gpioWrite
 .text.gpioRead
                0x000047bc       0x3a ./source/gpio.o
                0x000047bc                gpioRead
 .text.getPortPin
                0x000047f6       0x6a ./source/gpio.o
 .text.convers  0x00004860       0x5a ./source/gpio.o
                0x00004860                convers
 .text.checkParity
                0x000048ba       0x6e ./source/lectora.o
 .text.main     0x00004928      0x39a ./SDK/startup/main.o
                0x00004928                main
 .text.HardFault_Handler
                0x00004cc2       0x2c ./SDK/startup/semihost_hardfault.o
                0x00004cc2                HardFault_Handler
 .text.DMA0_IRQHandler
                0x00004cee        0x8 ./SDK/startup/startup_mk64f12.o
                0x00004cee                DMA0_IRQHandler
 .text.DMA1_IRQHandler
                0x00004cf6        0x8 ./SDK/startup/startup_mk64f12.o
                0x00004cf6                DMA1_IRQHandler
 .text.DMA2_IRQHandler
                0x00004cfe        0x8 ./SDK/startup/startup_mk64f12.o
                0x00004cfe                DMA2_IRQHandler
 .text.DMA3_IRQHandler
                0x00004d06        0x8 ./SDK/startup/startup_mk64f12.o
                0x00004d06                DMA3_IRQHandler
 .text.DMA4_IRQHandler
                0x00004d0e        0x8 ./SDK/startup/startup_mk64f12.o
                0x00004d0e                DMA4_IRQHandler
 .text.DMA5_IRQHandler
                0x00004d16        0x8 ./SDK/startup/startup_mk64f12.o
                0x00004d16                DMA5_IRQHandler
 .text.DMA6_IRQHandler
                0x00004d1e        0x8 ./SDK/startup/startup_mk64f12.o
                0x00004d1e                DMA6_IRQHandler
 .text.DMA7_IRQHandler
                0x00004d26        0x8 ./SDK/startup/startup_mk64f12.o
                0x00004d26                DMA7_IRQHandler
 .text.DMA8_IRQHandler
                0x00004d2e        0x8 ./SDK/startup/startup_mk64f12.o
                0x00004d2e                DMA8_IRQHandler
 .text.DMA9_IRQHandler
                0x00004d36        0x8 ./SDK/startup/startup_mk64f12.o
                0x00004d36                DMA9_IRQHandler
 .text.DMA10_IRQHandler
                0x00004d3e        0x8 ./SDK/startup/startup_mk64f12.o
                0x00004d3e                DMA10_IRQHandler
 .text.DMA11_IRQHandler
                0x00004d46        0x8 ./SDK/startup/startup_mk64f12.o
                0x00004d46                DMA11_IRQHandler
 .text.DMA12_IRQHandler
                0x00004d4e        0x8 ./SDK/startup/startup_mk64f12.o
                0x00004d4e                DMA12_IRQHandler
 .text.DMA13_IRQHandler
                0x00004d56        0x8 ./SDK/startup/startup_mk64f12.o
                0x00004d56                DMA13_IRQHandler
 .text.DMA14_IRQHandler
                0x00004d5e        0x8 ./SDK/startup/startup_mk64f12.o
                0x00004d5e                DMA14_IRQHandler
 .text.DMA15_IRQHandler
                0x00004d66        0x8 ./SDK/startup/startup_mk64f12.o
                0x00004d66                DMA15_IRQHandler
 .text.DMA_Error_IRQHandler
                0x00004d6e        0x8 ./SDK/startup/startup_mk64f12.o
                0x00004d6e                DMA_Error_IRQHandler
 .text.MCM_IRQHandler
                0x00004d76        0x8 ./SDK/startup/startup_mk64f12.o
                0x00004d76                MCM_IRQHandler
 .text.FTFE_IRQHandler
                0x00004d7e        0x8 ./SDK/startup/startup_mk64f12.o
                0x00004d7e                FTFE_IRQHandler
 .text.Read_Collision_IRQHandler
                0x00004d86        0x8 ./SDK/startup/startup_mk64f12.o
                0x00004d86                Read_Collision_IRQHandler
 .text.LVD_LVW_IRQHandler
                0x00004d8e        0x8 ./SDK/startup/startup_mk64f12.o
                0x00004d8e                LVD_LVW_IRQHandler
 .text.LLWU_IRQHandler
                0x00004d96        0x8 ./SDK/startup/startup_mk64f12.o
                0x00004d96                LLWU_IRQHandler
 .text.WDOG_EWM_IRQHandler
                0x00004d9e        0x8 ./SDK/startup/startup_mk64f12.o
                0x00004d9e                WDOG_EWM_IRQHandler
 .text.RNG_IRQHandler
                0x00004da6        0x8 ./SDK/startup/startup_mk64f12.o
                0x00004da6                RNG_IRQHandler
 .text.I2C0_IRQHandler
                0x00004dae        0x8 ./SDK/startup/startup_mk64f12.o
                0x00004dae                I2C0_IRQHandler
 .text.I2C1_IRQHandler
                0x00004db6        0x8 ./SDK/startup/startup_mk64f12.o
                0x00004db6                I2C1_IRQHandler
 .text.SPI0_IRQHandler
                0x00004dbe        0x8 ./SDK/startup/startup_mk64f12.o
                0x00004dbe                SPI0_IRQHandler
 .text.SPI1_IRQHandler
                0x00004dc6        0x8 ./SDK/startup/startup_mk64f12.o
                0x00004dc6                SPI1_IRQHandler
 .text.I2S0_Tx_IRQHandler
                0x00004dce        0x8 ./SDK/startup/startup_mk64f12.o
                0x00004dce                I2S0_Tx_IRQHandler
 .text.I2S0_Rx_IRQHandler
                0x00004dd6        0x8 ./SDK/startup/startup_mk64f12.o
                0x00004dd6                I2S0_Rx_IRQHandler
 .text.UART0_LON_IRQHandler
                0x00004dde        0x8 ./SDK/startup/startup_mk64f12.o
                0x00004dde                UART0_LON_IRQHandler
 .text.UART0_RX_TX_IRQHandler
                0x00004de6        0x8 ./SDK/startup/startup_mk64f12.o
                0x00004de6                UART0_RX_TX_IRQHandler
 .text.UART0_ERR_IRQHandler
                0x00004dee        0x8 ./SDK/startup/startup_mk64f12.o
                0x00004dee                UART0_ERR_IRQHandler
 .text.UART1_RX_TX_IRQHandler
                0x00004df6        0x8 ./SDK/startup/startup_mk64f12.o
                0x00004df6                UART1_RX_TX_IRQHandler
 .text.UART1_ERR_IRQHandler
                0x00004dfe        0x8 ./SDK/startup/startup_mk64f12.o
                0x00004dfe                UART1_ERR_IRQHandler
 .text.UART2_RX_TX_IRQHandler
                0x00004e06        0x8 ./SDK/startup/startup_mk64f12.o
                0x00004e06                UART2_RX_TX_IRQHandler
 .text.UART2_ERR_IRQHandler
                0x00004e0e        0x8 ./SDK/startup/startup_mk64f12.o
                0x00004e0e                UART2_ERR_IRQHandler
 .text.UART3_RX_TX_IRQHandler
                0x00004e16        0x8 ./SDK/startup/startup_mk64f12.o
                0x00004e16                UART3_RX_TX_IRQHandler
 .text.UART3_ERR_IRQHandler
                0x00004e1e        0x8 ./SDK/startup/startup_mk64f12.o
                0x00004e1e                UART3_ERR_IRQHandler
 .text.ADC0_IRQHandler
                0x00004e26        0x8 ./SDK/startup/startup_mk64f12.o
                0x00004e26                ADC0_IRQHandler
 .text.CMP0_IRQHandler
                0x00004e2e        0x8 ./SDK/startup/startup_mk64f12.o
                0x00004e2e                CMP0_IRQHandler
 .text.CMP1_IRQHandler
                0x00004e36        0x8 ./SDK/startup/startup_mk64f12.o
                0x00004e36                CMP1_IRQHandler
 .text.FTM0_IRQHandler
                0x00004e3e        0x8 ./SDK/startup/startup_mk64f12.o
                0x00004e3e                FTM0_IRQHandler
 .text.FTM1_IRQHandler
                0x00004e46        0x8 ./SDK/startup/startup_mk64f12.o
                0x00004e46                FTM1_IRQHandler
 .text.FTM2_IRQHandler
                0x00004e4e        0x8 ./SDK/startup/startup_mk64f12.o
                0x00004e4e                FTM2_IRQHandler
 .text.CMT_IRQHandler
                0x00004e56        0x8 ./SDK/startup/startup_mk64f12.o
                0x00004e56                CMT_IRQHandler
 .text.RTC_IRQHandler
                0x00004e5e        0x8 ./SDK/startup/startup_mk64f12.o
                0x00004e5e                RTC_IRQHandler
 .text.RTC_Seconds_IRQHandler
                0x00004e66        0x8 ./SDK/startup/startup_mk64f12.o
                0x00004e66                RTC_Seconds_IRQHandler
 .text.PIT0_IRQHandler
                0x00004e6e        0x8 ./SDK/startup/startup_mk64f12.o
                0x00004e6e                PIT0_IRQHandler
 .text.PIT1_IRQHandler
                0x00004e76        0x8 ./SDK/startup/startup_mk64f12.o
                0x00004e76                PIT1_IRQHandler
 .text.PIT2_IRQHandler
                0x00004e7e        0x8 ./SDK/startup/startup_mk64f12.o
                0x00004e7e                PIT2_IRQHandler
 .text.PIT3_IRQHandler
                0x00004e86        0x8 ./SDK/startup/startup_mk64f12.o
                0x00004e86                PIT3_IRQHandler
 .text.PDB0_IRQHandler
                0x00004e8e        0x8 ./SDK/startup/startup_mk64f12.o
                0x00004e8e                PDB0_IRQHandler
 .text.USB0_IRQHandler
                0x00004e96        0x8 ./SDK/startup/startup_mk64f12.o
                0x00004e96                USB0_IRQHandler
 .text.USBDCD_IRQHandler
                0x00004e9e        0x8 ./SDK/startup/startup_mk64f12.o
                0x00004e9e                USBDCD_IRQHandler
 .text.Reserved71_IRQHandler
                0x00004ea6        0x8 ./SDK/startup/startup_mk64f12.o
                0x00004ea6                Reserved71_IRQHandler
 .text.DAC0_IRQHandler
                0x00004eae        0x8 ./SDK/startup/startup_mk64f12.o
                0x00004eae                DAC0_IRQHandler
 .text.MCG_IRQHandler
                0x00004eb6        0x8 ./SDK/startup/startup_mk64f12.o
                0x00004eb6                MCG_IRQHandler
 .text.LPTMR0_IRQHandler
                0x00004ebe        0x8 ./SDK/startup/startup_mk64f12.o
                0x00004ebe                LPTMR0_IRQHandler
 .text.SWI_IRQHandler
                0x00004ec6        0x8 ./SDK/startup/startup_mk64f12.o
                0x00004ec6                SWI_IRQHandler
 .text.SPI2_IRQHandler
                0x00004ece        0x8 ./SDK/startup/startup_mk64f12.o
                0x00004ece                SPI2_IRQHandler
 .text.UART4_RX_TX_IRQHandler
                0x00004ed6        0x8 ./SDK/startup/startup_mk64f12.o
                0x00004ed6                UART4_RX_TX_IRQHandler
 .text.UART4_ERR_IRQHandler
                0x00004ede        0x8 ./SDK/startup/startup_mk64f12.o
                0x00004ede                UART4_ERR_IRQHandler
 .text.UART5_RX_TX_IRQHandler
                0x00004ee6        0x8 ./SDK/startup/startup_mk64f12.o
                0x00004ee6                UART5_RX_TX_IRQHandler
 .text.UART5_ERR_IRQHandler
                0x00004eee        0x8 ./SDK/startup/startup_mk64f12.o
                0x00004eee                UART5_ERR_IRQHandler
 .text.CMP2_IRQHandler
                0x00004ef6        0x8 ./SDK/startup/startup_mk64f12.o
                0x00004ef6                CMP2_IRQHandler
 .text.FTM3_IRQHandler
                0x00004efe        0x8 ./SDK/startup/startup_mk64f12.o
                0x00004efe                FTM3_IRQHandler
 .text.DAC1_IRQHandler
                0x00004f06        0x8 ./SDK/startup/startup_mk64f12.o
                0x00004f06                DAC1_IRQHandler
 .text.ADC1_IRQHandler
                0x00004f0e        0x8 ./SDK/startup/startup_mk64f12.o
                0x00004f0e                ADC1_IRQHandler
 .text.I2C2_IRQHandler
                0x00004f16        0x8 ./SDK/startup/startup_mk64f12.o
                0x00004f16                I2C2_IRQHandler
 .text.CAN0_ORed_Message_buffer_IRQHandler
                0x00004f1e        0x8 ./SDK/startup/startup_mk64f12.o
                0x00004f1e                CAN0_ORed_Message_buffer_IRQHandler
 .text.CAN0_Bus_Off_IRQHandler
                0x00004f26        0x8 ./SDK/startup/startup_mk64f12.o
                0x00004f26                CAN0_Bus_Off_IRQHandler
 .text.CAN0_Error_IRQHandler
                0x00004f2e        0x8 ./SDK/startup/startup_mk64f12.o
                0x00004f2e                CAN0_Error_IRQHandler
 .text.CAN0_Tx_Warning_IRQHandler
                0x00004f36        0x8 ./SDK/startup/startup_mk64f12.o
                0x00004f36                CAN0_Tx_Warning_IRQHandler
 .text.CAN0_Rx_Warning_IRQHandler
                0x00004f3e        0x8 ./SDK/startup/startup_mk64f12.o
                0x00004f3e                CAN0_Rx_Warning_IRQHandler
 .text.CAN0_Wake_Up_IRQHandler
                0x00004f46        0x8 ./SDK/startup/startup_mk64f12.o
                0x00004f46                CAN0_Wake_Up_IRQHandler
 .text.SDHC_IRQHandler
                0x00004f4e        0x8 ./SDK/startup/startup_mk64f12.o
                0x00004f4e                SDHC_IRQHandler
 .text.ENET_1588_Timer_IRQHandler
                0x00004f56        0x8 ./SDK/startup/startup_mk64f12.o
                0x00004f56                ENET_1588_Timer_IRQHandler
 .text.ENET_Transmit_IRQHandler
                0x00004f5e        0x8 ./SDK/startup/startup_mk64f12.o
                0x00004f5e                ENET_Transmit_IRQHandler
 .text.ENET_Receive_IRQHandler
                0x00004f66        0x8 ./SDK/startup/startup_mk64f12.o
                0x00004f66                ENET_Receive_IRQHandler
 .text.ENET_Error_IRQHandler
                0x00004f6e        0x8 ./SDK/startup/startup_mk64f12.o
                0x00004f6e                ENET_Error_IRQHandler
 .text.SystemInitHook
                0x00004f76        0xe ./SDK/CMSIS/system_MK64F12.o
                0x00004f76                SystemInitHook
 .text.memcpy   0x00004f84        0x4 c:/nxp/mcuxpressoide_10.2.0_759/ide/tools/bin/../lib/gcc/arm-none-eabi/7.2.1/../../../../arm-none-eabi/lib/thumb/v7e-m/fpv4-sp/hard\libcr_c.a(memcpy.o)
                0x00004f84                memcpy
 .text.memset   0x00004f88        0x4 c:/nxp/mcuxpressoide_10.2.0_759/ide/tools/bin/../lib/gcc/arm-none-eabi/7.2.1/../../../../arm-none-eabi/lib/thumb/v7e-m/fpv4-sp/hard\libcr_c.a(memset.o)
                0x00004f88                memset
 .text.fp_round
                0x00004f8c       0x4e c:/nxp/mcuxpressoide_10.2.0_759/ide/tools/bin/../lib/gcc/arm-none-eabi/7.2.1/../../../../arm-none-eabi/lib/thumb/v7e-m/fpv4-sp/hard\libcr_c.a(fpprintf.o)
 .text.pr_dec.constprop.1
                0x00004fda       0x26 c:/nxp/mcuxpressoide_10.2.0_759/ide/tools/bin/../lib/gcc/arm-none-eabi/7.2.1/../../../../arm-none-eabi/lib/thumb/v7e-m/fpv4-sp/hard\libcr_c.a(fpprintf.o)
 .text.strlen   0x00005000       0x4a c:/nxp/mcuxpressoide_10.2.0_759/ide/tools/bin/../lib/gcc/arm-none-eabi/7.2.1/../../../../arm-none-eabi/lib/thumb/v7e-m/fpv4-sp/hard\libcr_c.a(strlen.o)
                0x00005000                strlen
 .text._deferredlazyseek
                0x0000504a       0x40 c:/nxp/mcuxpressoide_10.2.0_759/ide/tools/bin/../lib/gcc/arm-none-eabi/7.2.1/../../../../arm-none-eabi/lib/thumb/v7e-m/fpv4-sp/hard\libcr_c.a(_deferredlazyseek.o)
                0x0000504a                _deferredlazyseek
 .text.__flsbuf
                0x0000508a      0x140 c:/nxp/mcuxpressoide_10.2.0_759/ide/tools/bin/../lib/gcc/arm-none-eabi/7.2.1/../../../../arm-none-eabi/lib/thumb/v7e-m/fpv4-sp/hard\libcr_c.a(_deferredlazyseek.o)
                0x0000508a                __flsbuf
 .text._fflush  0x000051ca       0x52 c:/nxp/mcuxpressoide_10.2.0_759/ide/tools/bin/../lib/gcc/arm-none-eabi/7.2.1/../../../../arm-none-eabi/lib/thumb/v7e-m/fpv4-sp/hard\libcr_c.a(_fflush.o)
                0x000051ca                _fflush
 .text.free     0x0000521c       0x30 c:/nxp/mcuxpressoide_10.2.0_759/ide/tools/bin/../lib/gcc/arm-none-eabi/7.2.1/../../../../arm-none-eabi/lib/thumb/v7e-m/fpv4-sp/hard\libcr_c.a(alloc.o)
                0x0000521c                free
 .text.__aeabi_d2iz
                0x0000524c       0x40 c:/nxp/mcuxpressoide_10.2.0_759/ide/tools/bin/../lib/gcc/arm-none-eabi/7.2.1/thumb/v7e-m/fpv4-sp/hard\libcr_eabihelpers.a(double.o)
                0x0000524c                __aeabi_d2iz
 .text.__bhs_ui2d
                0x0000528c       0x46 c:/nxp/mcuxpressoide_10.2.0_759/ide/tools/bin/../lib/gcc/arm-none-eabi/7.2.1/thumb/v7e-m/fpv4-sp/hard\libcr_eabihelpers.a(double.o)
                0x0000528c                __bhs_ui2d
 .text.__aeabi_i2d
                0x000052d2       0x12 c:/nxp/mcuxpressoide_10.2.0_759/ide/tools/bin/../lib/gcc/arm-none-eabi/7.2.1/thumb/v7e-m/fpv4-sp/hard\libcr_eabihelpers.a(double.o)
                0x000052d2                __aeabi_i2d
 .text.__aeabi_dcmpeq
                0x000052e4       0x30 c:/nxp/mcuxpressoide_10.2.0_759/ide/tools/bin/../lib/gcc/arm-none-eabi/7.2.1/thumb/v7e-m/fpv4-sp/hard\libcr_eabihelpers.a(double.o)
                0x000052e4                __aeabi_dcmpeq
 .text.__aeabi_dcmplt
                0x00005314       0x58 c:/nxp/mcuxpressoide_10.2.0_759/ide/tools/bin/../lib/gcc/arm-none-eabi/7.2.1/thumb/v7e-m/fpv4-sp/hard\libcr_eabihelpers.a(double.o)
                0x00005314                __aeabi_dcmplt
 .text.__aeabi_dcmple
                0x0000536c       0x5a c:/nxp/mcuxpressoide_10.2.0_759/ide/tools/bin/../lib/gcc/arm-none-eabi/7.2.1/thumb/v7e-m/fpv4-sp/hard\libcr_eabihelpers.a(double.o)
                0x0000536c                __aeabi_dcmple
 .text.__aeabi_dcmpge
                0x000053c6       0x58 c:/nxp/mcuxpressoide_10.2.0_759/ide/tools/bin/../lib/gcc/arm-none-eabi/7.2.1/thumb/v7e-m/fpv4-sp/hard\libcr_eabihelpers.a(double.o)
                0x000053c6                __aeabi_dcmpge
 .text.__aeabi_memcpy
                0x0000541e       0x34 c:/nxp/mcuxpressoide_10.2.0_759/ide/tools/bin/../lib/gcc/arm-none-eabi/7.2.1/thumb/v7e-m/fpv4-sp/hard\libcr_eabihelpers.a(memcpy.o)
                0x0000541e                __aeabi_memcpy
                0x00005428                __aeabi_memcpy8
                0x00005428                __aeabi_memcpy4
 .text.__aeabi_memset_lowlevel
                0x00005452       0x32 c:/nxp/mcuxpressoide_10.2.0_759/ide/tools/bin/../lib/gcc/arm-none-eabi/7.2.1/thumb/v7e-m/fpv4-sp/hard\libcr_eabihelpers.a(memcpy.o)
                0x00005452                __aeabi_lowlevel_memset
 .text.__sys_flen
                0x00005484        0xc c:/nxp/mcuxpressoide_10.2.0_759/ide/tools/bin/../lib/gcc/arm-none-eabi/7.2.1/../../../../arm-none-eabi/lib/thumb/v7e-m/fpv4-sp/hard\libcr_semihost_nf.a(__sys_flen.o)
                0x00005484                __sys_flen
 .text.__sys_istty
                0x00005490        0xc c:/nxp/mcuxpressoide_10.2.0_759/ide/tools/bin/../lib/gcc/arm-none-eabi/7.2.1/../../../../arm-none-eabi/lib/thumb/v7e-m/fpv4-sp/hard\libcr_semihost_nf.a(__sys_istty.o)
                0x00005490                __sys_istty
 .text.__sys_seek
                0x0000549c        0xc c:/nxp/mcuxpressoide_10.2.0_759/ide/tools/bin/../lib/gcc/arm-none-eabi/7.2.1/../../../../arm-none-eabi/lib/thumb/v7e-m/fpv4-sp/hard\libcr_semihost_nf.a(__sys_seek.o)
                0x0000549c                __sys_seek
 .text.__sys_write
                0x000054a8        0xc c:/nxp/mcuxpressoide_10.2.0_759/ide/tools/bin/../lib/gcc/arm-none-eabi/7.2.1/../../../../arm-none-eabi/lib/thumb/v7e-m/fpv4-sp/hard\libcr_semihost_nf.a(__sys_write.o)
                0x000054a8                __sys_write
 *(SORT_BY_ALIGNMENT(.rodata) SORT_BY_ALIGNMENT(.rodata.*) SORT_BY_ALIGNMENT(.constdata) SORT_BY_ALIGNMENT(.constdata.*))
 *fill*         0x000054b4        0x4 ff
 .rodata.__huge_vall
                0x000054b8        0x8 c:/nxp/mcuxpressoide_10.2.0_759/ide/tools/bin/../lib/gcc/arm-none-eabi/7.2.1/../../../../arm-none-eabi/lib/thumb/v7e-m/fpv4-sp/hard\libcr_c.a(_hugeval.o)
                0x000054b8                __huge_vall
 .rodata        0x000054c0       0x20 ./source/fsm.o
 .rodata.asStateMachine
                0x000054e0       0x18 ./source/fsm.o
 .rodata        0x000054f8       0x46 ./source/gpio.o
 *fill*         0x0000553e        0x2 ff
 .rodata        0x00005540       0x12 ./source/lectora.o
 .rodata.fp_display.str1.1
                0x00005552       0x34 c:/nxp/mcuxpressoide_10.2.0_759/ide/tools/bin/../lib/gcc/arm-none-eabi/7.2.1/../../../../arm-none-eabi/lib/thumb/v7e-m/fpv4-sp/hard\libcr_c.a(fpprintf.o)
                                 0x35 (size before relaxing)
 .rodata.__vfprintf.str1.1
                0x00005586       0x31 c:/nxp/mcuxpressoide_10.2.0_759/ide/tools/bin/../lib/gcc/arm-none-eabi/7.2.1/../../../../arm-none-eabi/lib/thumb/v7e-m/fpv4-sp/hard\libcr_c.a(printf.o)
                                 0x38 (size before relaxing)
 .rodata._Csys_alloc.str1.1
                0x000055b7       0x18 c:/nxp/mcuxpressoide_10.2.0_759/ide/tools/bin/../lib/gcc/arm-none-eabi/7.2.1/../../../../arm-none-eabi/lib/thumb/v7e-m/fpv4-sp/hard\libcr_c.a(alloc.o)
                0x000055d0                . = ALIGN (0x8)
 *fill*         0x000055cf        0x1 ff

.glue_7         0x000055d0        0x0
 .glue_7        0x000055d0        0x0 linker stubs

.glue_7t        0x000055d0        0x0
 .glue_7t       0x000055d0        0x0 linker stubs

.vfp11_veneer   0x000055d0        0x0
 .vfp11_veneer  0x000055d0        0x0 linker stubs

.v4_bx          0x000055d0        0x0
 .v4_bx         0x000055d0        0x0 linker stubs

.iplt           0x000055d0        0x0
 .iplt          0x000055d0        0x0 ./source/SysTick.o

.rel.dyn        0x000055d0        0x0
 .rel.iplt      0x000055d0        0x0 ./source/SysTick.o

.ARM.extab
 *(SORT_BY_ALIGNMENT(.ARM.extab*) SORT_BY_ALIGNMENT(.gnu.linkonce.armextab.*))
                0x000055d0                __exidx_start = .

.ARM.exidx
 *(SORT_BY_ALIGNMENT(.ARM.exidx*) SORT_BY_ALIGNMENT(.gnu.linkonce.armexidx.*))
                0x000055d0                __exidx_end = .
                0x000055d0                _etext = .

.m_usb_data
 *(SORT_BY_ALIGNMENT(m_usb_bdt))

.data_RAM2      0x1fff0000        0x0 load address 0x000055d0
 FILL mask 0xff
                [!provide]                PROVIDE (__start_data_RAM2, .)
 *(SORT_BY_ALIGNMENT(.ramfunc.$RAM2))
 *(SORT_BY_ALIGNMENT(.ramfunc.$SRAM_LOWER))
 *(SORT_BY_ALIGNMENT(.data.$RAM2*))
 *(SORT_BY_ALIGNMENT(.data.$SRAM_LOWER*))
                0x1fff0000                . = ALIGN (0x8)
                [!provide]                PROVIDE (__end_data_RAM2, .)

.data_RAM3      0x14000000        0x0 load address 0x000055d0
 FILL mask 0xff
                [!provide]                PROVIDE (__start_data_RAM3, .)
 *(SORT_BY_ALIGNMENT(.ramfunc.$RAM3))
 *(SORT_BY_ALIGNMENT(.ramfunc.$FLEX_RAM))
 *(SORT_BY_ALIGNMENT(.data.$RAM3*))
 *(SORT_BY_ALIGNMENT(.data.$FLEX_RAM*))
                0x14000000                . = ALIGN (0x8)
                [!provide]                PROVIDE (__end_data_RAM3, .)

.uninit_RESERVED
                0x20000000        0x0
 *(SORT_BY_ALIGNMENT(.bss.$RESERVED*))
                0x20000000                . = ALIGN (0x4)
                0x20000000                _end_uninit_RESERVED = .

.data           0x20000000       0xd8 load address 0x000055d0
 FILL mask 0xff
                0x20000000                _data = .
 *(SORT_BY_ALIGNMENT(vtable))
 *(SORT_BY_ALIGNMENT(.ramfunc*))
 *(SORT_BY_ALIGNMENT(.data*))
 .data.pines_select
                0x20000000        0x8 ./source/drv_display.o
 .data.pines_seg
                0x20000008       0x20 ./source/drv_display.o
 .data.num_7seg
                0x20000028       0x28 ./source/drv_display.o
 .data.pointer_digit
                0x20000050        0x4 ./source/drv_display.o
 .data.opciones_brillo
                0x20000054       0x10 ./source/drv_display.o
 .data.state    0x20000064        0x4 ./source/drv_leds.o
 .data.currUser
                0x20000068       0x5c ./source/fsm.o
 .data.currUserIndex
                0x200000c4        0x4 ./source/fsm.o
 .data.pushPointer.6821
                0x200000c8        0x4 ./source/fsm.o
 .data.pullPointer.6822
                0x200000cc        0x4 ./source/fsm.o
 .data.local_nextEvent
                0x200000d0        0x1 ./source/fsm.o
 .data.timers_cant
                0x200000d1        0x1 ./source/timer.o
                0x200000d8                . = ALIGN (0x8)
 *fill*         0x200000d2        0x6 ff
                0x200000d8                _edata = .

.igot.plt       0x200000d8        0x0 load address 0x000056a8
 .igot.plt      0x200000d8        0x0 ./source/SysTick.o

.bss_RAM2       0x1fff0000        0x0
                [!provide]                PROVIDE (__start_bss_RAM2, .)
 *(SORT_BY_ALIGNMENT(.bss.$RAM2*))
 *(SORT_BY_ALIGNMENT(.bss.$SRAM_LOWER*))
                0x1fff0000                . = ALIGN ((. != 0x0)?0x8:0x1)
                [!provide]                PROVIDE (__end_bss_RAM2, .)

.bss_RAM3       0x14000000        0x0
                [!provide]                PROVIDE (__start_bss_RAM3, .)
 *(SORT_BY_ALIGNMENT(.bss.$RAM3*))
 *(SORT_BY_ALIGNMENT(.bss.$FLEX_RAM*))
                0x14000000                . = ALIGN ((. != 0x0)?0x8:0x1)
                [!provide]                PROVIDE (__end_bss_RAM3, .)

.bss            0x200000d8      0xe20
                0x200000d8                _bss = .
 *(SORT_BY_ALIGNMENT(.bss*))
 .bss.callback  0x200000d8        0x4 ./source/SysTick.o
                0x200000d8                callback
 .bss.word      0x200000dc        0x4 ./source/drv_display.o
 .bss.brillo    0x200000e0        0x4 ./source/drv_display.o
 .bss.ind.8596  0x200000e4        0x4 ./source/drv_display.o
 .bss.event_stack
                0x200000e8        0x4 ./source/drv_switch.o
 .bss.B_val     0x200000ec        0x4 ./source/drv_switch.o
 .bss.counter.8363
                0x200000f0        0x4 ./source/drv_switch.o
 .bss.myScreen  0x200000f4        0xc ./source/fsm.o
 .bss.currPointer
                0x20000100        0x8 ./source/fsm.o
 .bss.registeredUsers
                0x20000108      0x8fc ./source/fsm.o
 .bss.usernum   0x20000a04        0x4 ./source/fsm.o
 .bss.adminAddMode
                0x20000a08        0x4 ./source/fsm.o
 .bss.adminDelMode
                0x20000a0c        0x4 ./source/fsm.o
 .bss.evStack.6820
                0x20000a10       0x64 ./source/fsm.o
 .bss.CALLBACKS
                0x20000a74      0x280 ./source/gpio.o
 .bss.cardInformation
                0x20000cf4       0x28 ./source/lectora.o
                0x20000cf4                cardInformation
 .bss.statusFlag
                0x20000d1c        0x4 ./source/lectora.o
 .bss.absIndex  0x20000d20        0x4 ./source/lectora.o
 .bss.timers    0x20000d24      0x100 ./source/timer.o
 .bss.__LDM_interruptDisableCount
                0x20000e24        0x4 ./SDK/startup/hardware.o
 .bss.errno     0x20000e28        0x4 c:/nxp/mcuxpressoide_10.2.0_759/ide/tools/bin/../lib/gcc/arm-none-eabi/7.2.1/../../../../arm-none-eabi/lib/thumb/v7e-m/fpv4-sp/hard\libcr_c.a(errno.o)
                0x20000e28                errno
 .bss.__end_of_heap
                0x20000e2c        0x4 c:/nxp/mcuxpressoide_10.2.0_759/ide/tools/bin/../lib/gcc/arm-none-eabi/7.2.1/../../../../arm-none-eabi/lib/thumb/v7e-m/fpv4-sp/hard\libcr_c.a(__init_alloc.o)
                0x20000e2c                __end_of_heap
 .bss.__heaps   0x20000e30        0x4 c:/nxp/mcuxpressoide_10.2.0_759/ide/tools/bin/../lib/gcc/arm-none-eabi/7.2.1/../../../../arm-none-eabi/lib/thumb/v7e-m/fpv4-sp/hard\libcr_c.a(__init_alloc.o)
                0x20000e30                __heaps
 .bss.__Ciob    0x20000e34       0xb4 c:/nxp/mcuxpressoide_10.2.0_759/ide/tools/bin/../lib/gcc/arm-none-eabi/7.2.1/../../../../arm-none-eabi/lib/thumb/v7e-m/fpv4-sp/hard\libcr_semihost_nf.a(__ciob.o)
                0x20000e34                __Ciob
 .bss.yaInit.6772
                0x20000ee8        0x1 ./source/SysTick.o
 .bss.id_timer  0x20000ee9        0x1 ./source/drv_FRDM.o
 .bss.timer_id  0x20000eea        0x1 ./source/drv_display.o
 .bss.was_giant_press
                0x20000eeb        0x1 ./source/drv_switch.o
 .bss.press_count_timer
                0x20000eec        0x1 ./source/drv_switch.o
 .bss.anti_multi_turn_timer
                0x20000eed        0x1 ./source/drv_switch.o
 .bss.blockCounter
                0x20000eee        0x1 ./source/fsm.o
 .bss.admin_id  0x20000eef        0x1 ./source/fsm.o
 .bss.lect_TimeOut
                0x20000ef0        0x1 ./source/lectora.o
 .bss.timer_id_lect
                0x20000ef1        0x1 ./source/lectora.o
 .bss.yaInit.5605
                0x20000ef2        0x1 ./source/timer.o
 *(SORT_BY_ALIGNMENT(COMMON))
                0x20000ef8                . = ALIGN (0x8)
 *fill*         0x20000ef3        0x5 
                0x20000ef8                _ebss = .
                [!provide]                PROVIDE (end, .)

.noinit_RAM2    0x1fff0000        0x0
 *(SORT_BY_ALIGNMENT(.noinit.$RAM2*))
 *(SORT_BY_ALIGNMENT(.noinit.$SRAM_LOWER*))
                0x1fff0000                . = ALIGN (0x8)

.noinit_RAM3    0x14000000        0x0
 *(SORT_BY_ALIGNMENT(.noinit.$RAM3*))
 *(SORT_BY_ALIGNMENT(.noinit.$FLEX_RAM*))
                0x14000000                . = ALIGN (0x8)

.noinit         0x20000ef8        0x0
                0x20000ef8                _noinit = .
 *(SORT_BY_ALIGNMENT(.noinit*))
                0x20000ef8                . = ALIGN (0x8)
                0x20000ef8                _end_noinit = .
                0x00001000                _HeapSize = 0x1000

.heap           0x20000ef8     0x1000
                0x20000ef8                _pvHeapStart = .
                0x20001ef8                . = (. + _HeapSize)
 *fill*         0x20000ef8     0x1000 
                0x20001ef8                . = ALIGN (0x8)
                0x20001ef8                _pvHeapLimit = .
                0x00001000                _StackSize = 0x1000

.heap2stackfill
                0x20001ef8     0x1000
                0x20002ef8                . = (. + _StackSize)
 *fill*         0x20001ef8     0x1000 

.stack          0x2002f000        0x0
                0x2002f000                _vStackBase = .
                0x2002f000                . = ALIGN (0x8)
                0x20030000                _vStackTop = (. + _StackSize)
                0x00000000                _image_start = LOADADDR (.text)
                0x000056a8                _image_end = (LOADADDR (.data) + SIZEOF (.data))
                0x000056a8                _image_size = (_image_end - _image_start)
OUTPUT(PestilloAutomatico.axf elf32-littlearm)

.debug_info     0x00000000     0x8b4d
 .debug_info    0x00000000      0x15f ./source/SysTick.o
 .debug_info    0x0000015f      0xa5a ./source/drv_FRDM.o
 .debug_info    0x00000bb9      0xca7 ./source/drv_display.o
 .debug_info    0x00001860      0x9cd ./source/drv_leds.o
 .debug_info    0x0000222d      0xaea ./source/drv_switch.o
 .debug_info    0x00002d17     0x125b ./source/fsm.o
 .debug_info    0x00003f72     0x15e2 ./source/gpio.o
 .debug_info    0x00005554      0xb98 ./source/lectora.o
 .debug_info    0x000060ec      0xb54 ./source/timer.o
 .debug_info    0x00006c40      0x675 ./SDK/startup/hardware.o
 .debug_info    0x000072b5      0x9b1 ./SDK/startup/main.o
 .debug_info    0x00007c66       0x3b ./SDK/startup/semihost_hardfault.o
 .debug_info    0x00007ca1      0x8b0 ./SDK/startup/startup_mk64f12.o
 .debug_info    0x00008551      0x5fc ./SDK/CMSIS/system_MK64F12.o

.debug_abbrev   0x00000000     0x1bd7
 .debug_abbrev  0x00000000      0x115 ./source/SysTick.o
 .debug_abbrev  0x00000115      0x20c ./source/drv_FRDM.o
 .debug_abbrev  0x00000321      0x28c ./source/drv_display.o
 .debug_abbrev  0x000005ad      0x24b ./source/drv_leds.o
 .debug_abbrev  0x000007f8      0x252 ./source/drv_switch.o
 .debug_abbrev  0x00000a4a      0x32b ./source/fsm.o
 .debug_abbrev  0x00000d75      0x33b ./source/gpio.o
 .debug_abbrev  0x000010b0      0x295 ./source/lectora.o
 .debug_abbrev  0x00001345      0x2ab ./source/timer.o
 .debug_abbrev  0x000015f0      0x138 ./SDK/startup/hardware.o
 .debug_abbrev  0x00001728      0x1e5 ./SDK/startup/main.o
 .debug_abbrev  0x0000190d       0x2f ./SDK/startup/semihost_hardfault.o
 .debug_abbrev  0x0000193c      0x15c ./SDK/startup/startup_mk64f12.o
 .debug_abbrev  0x00001a98      0x13f ./SDK/CMSIS/system_MK64F12.o

.debug_aranges  0x00000000      0x788
 .debug_aranges
                0x00000000       0x28 ./source/SysTick.o
 .debug_aranges
                0x00000028       0x80 ./source/drv_FRDM.o
 .debug_aranges
                0x000000a8       0x58 ./source/drv_display.o
 .debug_aranges
                0x00000100       0x38 ./source/drv_leds.o
 .debug_aranges
                0x00000138       0x48 ./source/drv_switch.o
 .debug_aranges
                0x00000180       0xe8 ./source/fsm.o
 .debug_aranges
                0x00000268       0xa8 ./source/gpio.o
 .debug_aranges
                0x00000310       0x50 ./source/lectora.o
 .debug_aranges
                0x00000360       0x58 ./source/timer.o
 .debug_aranges
                0x000003b8       0x30 ./SDK/startup/hardware.o
 .debug_aranges
                0x000003e8       0x20 ./SDK/startup/main.o
 .debug_aranges
                0x00000408       0x20 ./SDK/startup/semihost_hardfault.o
 .debug_aranges
                0x00000428      0x330 ./SDK/startup/startup_mk64f12.o
 .debug_aranges
                0x00000758       0x30 ./SDK/CMSIS/system_MK64F12.o

.debug_ranges   0x00000000      0x6a8
 .debug_ranges  0x00000000       0x18 ./source/SysTick.o
 .debug_ranges  0x00000018       0x70 ./source/drv_FRDM.o
 .debug_ranges  0x00000088       0x48 ./source/drv_display.o
 .debug_ranges  0x000000d0       0x28 ./source/drv_leds.o
 .debug_ranges  0x000000f8       0x38 ./source/drv_switch.o
 .debug_ranges  0x00000130       0xd8 ./source/fsm.o
 .debug_ranges  0x00000208       0x98 ./source/gpio.o
 .debug_ranges  0x000002a0       0x40 ./source/lectora.o
 .debug_ranges  0x000002e0       0x48 ./source/timer.o
 .debug_ranges  0x00000328       0x20 ./SDK/startup/hardware.o
 .debug_ranges  0x00000348       0x10 ./SDK/startup/main.o
 .debug_ranges  0x00000358       0x10 ./SDK/startup/semihost_hardfault.o
 .debug_ranges  0x00000368      0x320 ./SDK/startup/startup_mk64f12.o
 .debug_ranges  0x00000688       0x20 ./SDK/CMSIS/system_MK64F12.o

.debug_macro    0x00000000    0x11162
 .debug_macro   0x00000000       0xb2 ./source/SysTick.o
 .debug_macro   0x000000b2       0x10 ./source/SysTick.o
 .debug_macro   0x000000c2       0x5c ./source/SysTick.o
 .debug_macro   0x0000011e     0xe07b ./source/SysTick.o
 .debug_macro   0x0000e199     0x122b ./source/SysTick.o
 .debug_macro   0x0000f3c4       0x16 ./source/SysTick.o
 .debug_macro   0x0000f3da      0x18d ./source/drv_FRDM.o
 .debug_macro   0x0000f567       0x3a ./source/drv_FRDM.o
 .debug_macro   0x0000f5a1       0x16 ./source/drv_FRDM.o
 .debug_macro   0x0000f5b7      0x10e ./source/drv_FRDM.o
 .debug_macro   0x0000f6c5       0x8d ./source/drv_FRDM.o
 .debug_macro   0x0000f752       0x16 ./source/drv_FRDM.o
 .debug_macro   0x0000f768       0x29 ./source/drv_FRDM.o
 .debug_macro   0x0000f791       0x28 ./source/drv_FRDM.o
 .debug_macro   0x0000f7b9      0x282 ./source/drv_display.o
 .debug_macro   0x0000fa3b      0x174 ./source/drv_display.o
 .debug_macro   0x0000fbaf      0x330 ./source/drv_display.o
 .debug_macro   0x0000fedf       0x10 ./source/drv_display.o
 .debug_macro   0x0000feef       0x35 ./source/drv_display.o
 .debug_macro   0x0000ff24       0x10 ./source/drv_display.o
 .debug_macro   0x0000ff34       0x1c ./source/drv_display.o
 .debug_macro   0x0000ff50       0xd9 ./source/drv_display.o
 .debug_macro   0x00010029       0x2e ./source/drv_display.o
 .debug_macro   0x00010057      0x183 ./source/drv_leds.o
 .debug_macro   0x000101da       0x10 ./source/drv_leds.o
 .debug_macro   0x000101ea      0x262 ./source/drv_switch.o
 .debug_macro   0x0001044c      0x26e ./source/fsm.o
 .debug_macro   0x000106ba       0x16 ./source/fsm.o
 .debug_macro   0x000106d0      0x26e ./source/gpio.o
 .debug_macro   0x0001093e       0x16 ./source/gpio.o
 .debug_macro   0x00010954      0x27f ./source/lectora.o
 .debug_macro   0x00010bd3      0x136 ./source/timer.o
 .debug_macro   0x00010d09       0x10 ./source/timer.o
 .debug_macro   0x00010d19       0x9c ./SDK/startup/hardware.o
 .debug_macro   0x00010db5      0x2d7 ./SDK/startup/main.o
 .debug_macro   0x0001108c       0x1c ./SDK/startup/main.o
 .debug_macro   0x000110a8       0x11 ./SDK/startup/semihost_hardfault.o
 .debug_macro   0x000110b9       0x29 ./SDK/startup/startup_mk64f12.o
 .debug_macro   0x000110e2       0x80 ./SDK/CMSIS/system_MK64F12.o

.debug_line     0x00000000     0x376a
 .debug_line    0x00000000      0x1a8 ./source/SysTick.o
 .debug_line    0x000001a8      0x3d0 ./source/drv_FRDM.o
 .debug_line    0x00000578      0x4cc ./source/drv_display.o
 .debug_line    0x00000a44      0x333 ./source/drv_leds.o
 .debug_line    0x00000d77      0x439 ./source/drv_switch.o
 .debug_line    0x000011b0      0x871 ./source/fsm.o
 .debug_line    0x00001a21      0x5e1 ./source/gpio.o
 .debug_line    0x00002002      0x4c8 ./source/lectora.o
 .debug_line    0x000024ca      0x35d ./source/timer.o
 .debug_line    0x00002827      0x1d4 ./SDK/startup/hardware.o
 .debug_line    0x000029fb      0x477 ./SDK/startup/main.o
 .debug_line    0x00002e72       0x59 ./SDK/startup/semihost_hardfault.o
 .debug_line    0x00002ecb      0x6d8 ./SDK/startup/startup_mk64f12.o
 .debug_line    0x000035a3      0x1c7 ./SDK/CMSIS/system_MK64F12.o

.debug_str      0x00000000    0x7d747
 .debug_str     0x00000000    0x76eed ./source/SysTick.o
                              0x7707d (size before relaxing)
 .debug_str     0x00076eed     0x36b8 ./source/drv_FRDM.o
                              0x73c30 (size before relaxing)
 .debug_str     0x0007a5a5     0x1552 ./source/drv_display.o
                              0x74fd6 (size before relaxing)
 .debug_str     0x0007baf7       0x86 ./source/drv_leds.o
                              0x73aad (size before relaxing)
 .debug_str     0x0007bb7d      0x243 ./source/drv_switch.o
                              0x7503a (size before relaxing)
 .debug_str     0x0007bdc0      0x49a ./source/fsm.o
                               0x865f (size before relaxing)
 .debug_str     0x0007c25a      0x8ce ./source/gpio.o
                              0x7c170 (size before relaxing)
 .debug_str     0x0007cb28      0x173 ./source/lectora.o
                              0x750e3 (size before relaxing)
 .debug_str     0x0007cc9b       0xf5 ./source/timer.o
                               0x6e7a (size before relaxing)
 .debug_str     0x0007cd90      0x124 ./SDK/startup/hardware.o
                              0x77218 (size before relaxing)
 .debug_str     0x0007ceb4       0x26 ./SDK/startup/main.o
                              0x7b9f4 (size before relaxing)
 .debug_str     0x0007ceda       0x36 ./SDK/startup/semihost_hardfault.o
                               0x2d52 (size before relaxing)
 .debug_str     0x0007cf10      0x7d5 ./SDK/startup/startup_mk64f12.o
                               0x35c0 (size before relaxing)
 .debug_str     0x0007d6e5       0x62 ./SDK/CMSIS/system_MK64F12.o
                              0x77127 (size before relaxing)

.comment        0x00000000       0x7e
 .comment       0x00000000       0x7e ./source/SysTick.o
                                 0x7f (size before relaxing)
 .comment       0x0000007e       0x7f ./source/drv_FRDM.o
 .comment       0x0000007e       0x7f ./source/drv_display.o
 .comment       0x0000007e       0x7f ./source/drv_leds.o
 .comment       0x0000007e       0x7f ./source/drv_switch.o
 .comment       0x0000007e       0x7f ./source/fsm.o
 .comment       0x0000007e       0x7f ./source/gpio.o
 .comment       0x0000007e       0x7f ./source/lectora.o
 .comment       0x0000007e       0x7f ./source/timer.o
 .comment       0x0000007e       0x7f ./SDK/startup/hardware.o
 .comment       0x0000007e       0x7f ./SDK/startup/main.o
 .comment       0x0000007e       0x7f ./SDK/startup/semihost_hardfault.o
 .comment       0x0000007e       0x7f ./SDK/startup/startup_mk64f12.o
 .comment       0x0000007e       0x7f ./SDK/CMSIS/system_MK64F12.o
 .comment       0x0000007e       0x7f c:/nxp/mcuxpressoide_10.2.0_759/ide/tools/bin/../lib/gcc/arm-none-eabi/7.2.1/../../../../arm-none-eabi/lib/thumb/v7e-m/fpv4-sp/hard\libcr_c.a(memcpy.o)
 .comment       0x0000007e       0x7f c:/nxp/mcuxpressoide_10.2.0_759/ide/tools/bin/../lib/gcc/arm-none-eabi/7.2.1/../../../../arm-none-eabi/lib/thumb/v7e-m/fpv4-sp/hard\libcr_c.a(memset.o)
 .comment       0x0000007e       0x7f c:/nxp/mcuxpressoide_10.2.0_759/ide/tools/bin/../lib/gcc/arm-none-eabi/7.2.1/../../../../arm-none-eabi/lib/thumb/v7e-m/fpv4-sp/hard\libcr_c.a(fpprintf.o)
 .comment       0x0000007e       0x7f c:/nxp/mcuxpressoide_10.2.0_759/ide/tools/bin/../lib/gcc/arm-none-eabi/7.2.1/../../../../arm-none-eabi/lib/thumb/v7e-m/fpv4-sp/hard\libcr_c.a(printf.o)
 .comment       0x0000007e       0x7f c:/nxp/mcuxpressoide_10.2.0_759/ide/tools/bin/../lib/gcc/arm-none-eabi/7.2.1/../../../../arm-none-eabi/lib/thumb/v7e-m/fpv4-sp/hard\libcr_c.a(strlen.o)
 .comment       0x0000007e       0x7f c:/nxp/mcuxpressoide_10.2.0_759/ide/tools/bin/../lib/gcc/arm-none-eabi/7.2.1/../../../../arm-none-eabi/lib/thumb/v7e-m/fpv4-sp/hard\libcr_c.a(_deferredlazyseek.o)
 .comment       0x0000007e       0x7f c:/nxp/mcuxpressoide_10.2.0_759/ide/tools/bin/../lib/gcc/arm-none-eabi/7.2.1/../../../../arm-none-eabi/lib/thumb/v7e-m/fpv4-sp/hard\libcr_c.a(_fflush.o)
 .comment       0x0000007e       0x7f c:/nxp/mcuxpressoide_10.2.0_759/ide/tools/bin/../lib/gcc/arm-none-eabi/7.2.1/../../../../arm-none-eabi/lib/thumb/v7e-m/fpv4-sp/hard\libcr_c.a(_frexpl.o)
 .comment       0x0000007e       0x7f c:/nxp/mcuxpressoide_10.2.0_759/ide/tools/bin/../lib/gcc/arm-none-eabi/7.2.1/../../../../arm-none-eabi/lib/thumb/v7e-m/fpv4-sp/hard\libcr_c.a(_ldexpl.o)
 .comment       0x0000007e       0x7f c:/nxp/mcuxpressoide_10.2.0_759/ide/tools/bin/../lib/gcc/arm-none-eabi/7.2.1/../../../../arm-none-eabi/lib/thumb/v7e-m/fpv4-sp/hard\libcr_c.a(_writebuf.o)
 .comment       0x0000007e       0x7f c:/nxp/mcuxpressoide_10.2.0_759/ide/tools/bin/../lib/gcc/arm-none-eabi/7.2.1/../../../../arm-none-eabi/lib/thumb/v7e-m/fpv4-sp/hard\libcr_c.a(alloc.o)
 .comment       0x0000007e       0x7f c:/nxp/mcuxpressoide_10.2.0_759/ide/tools/bin/../lib/gcc/arm-none-eabi/7.2.1/../../../../arm-none-eabi/lib/thumb/v7e-m/fpv4-sp/hard\libcr_c.a(errno.o)
 .comment       0x0000007e       0x7f c:/nxp/mcuxpressoide_10.2.0_759/ide/tools/bin/../lib/gcc/arm-none-eabi/7.2.1/../../../../arm-none-eabi/lib/thumb/v7e-m/fpv4-sp/hard\libcr_c.a(fseek.o)
 .comment       0x0000007e       0x7f c:/nxp/mcuxpressoide_10.2.0_759/ide/tools/bin/../lib/gcc/arm-none-eabi/7.2.1/../../../../arm-none-eabi/lib/thumb/v7e-m/fpv4-sp/hard\libcr_c.a(ftell.o)
 .comment       0x0000007e       0x7f c:/nxp/mcuxpressoide_10.2.0_759/ide/tools/bin/../lib/gcc/arm-none-eabi/7.2.1/../../../../arm-none-eabi/lib/thumb/v7e-m/fpv4-sp/hard\libcr_c.a(__init_alloc.o)
 .comment       0x0000007e       0x7f c:/nxp/mcuxpressoide_10.2.0_759/ide/tools/bin/../lib/gcc/arm-none-eabi/7.2.1/../../../../arm-none-eabi/lib/thumb/v7e-m/fpv4-sp/hard\libcr_c.a(_cr_sbrk.o)
 .comment       0x0000007e       0x7f c:/nxp/mcuxpressoide_10.2.0_759/ide/tools/bin/../lib/gcc/arm-none-eabi/7.2.1/../../../../arm-none-eabi/lib/thumb/v7e-m/fpv4-sp/hard\libcr_c.a(_hugeval.o)
 .comment       0x0000007e       0x7f c:/nxp/mcuxpressoide_10.2.0_759/ide/tools/bin/../lib/gcc/arm-none-eabi/7.2.1/../../../../arm-none-eabi/lib/thumb/v7e-m/fpv4-sp/hard\libcr_c.a(_cr_check_heap.o)
 .comment       0x0000007e       0x7f c:/nxp/mcuxpressoide_10.2.0_759/ide/tools/bin/../lib/gcc/arm-none-eabi/7.2.1/thumb/v7e-m/fpv4-sp/hard\libcr_eabihelpers.a(double.o)
 .comment       0x0000007e       0x7f c:/nxp/mcuxpressoide_10.2.0_759/ide/tools/bin/../lib/gcc/arm-none-eabi/7.2.1/../../../../arm-none-eabi/lib/thumb/v7e-m/fpv4-sp/hard\libcr_semihost_nf.a(__ciob.o)

.ARM.attributes
                0x00000000       0x37
 .ARM.attributes
                0x00000000       0x39 ./source/SysTick.o
 .ARM.attributes
                0x00000039       0x39 ./source/drv_FRDM.o
 .ARM.attributes
                0x00000072       0x39 ./source/drv_display.o
 .ARM.attributes
                0x000000ab       0x39 ./source/drv_leds.o
 .ARM.attributes
                0x000000e4       0x39 ./source/drv_switch.o
 .ARM.attributes
                0x0000011d       0x39 ./source/fsm.o
 .ARM.attributes
                0x00000156       0x39 ./source/gpio.o
 .ARM.attributes
                0x0000018f       0x39 ./source/lectora.o
 .ARM.attributes
                0x000001c8       0x39 ./source/timer.o
 .ARM.attributes
                0x00000201       0x39 ./SDK/startup/hardware.o
 .ARM.attributes
                0x0000023a       0x39 ./SDK/startup/main.o
 .ARM.attributes
                0x00000273       0x39 ./SDK/startup/semihost_hardfault.o
 .ARM.attributes
                0x000002ac       0x39 ./SDK/startup/startup_mk64f12.o
 .ARM.attributes
                0x000002e5       0x39 ./SDK/CMSIS/system_MK64F12.o
 .ARM.attributes
                0x0000031e       0x39 c:/nxp/mcuxpressoide_10.2.0_759/ide/tools/bin/../lib/gcc/arm-none-eabi/7.2.1/../../../../arm-none-eabi/lib/thumb/v7e-m/fpv4-sp/hard\libcr_c.a(memcpy.o)
 .ARM.attributes
                0x00000357       0x39 c:/nxp/mcuxpressoide_10.2.0_759/ide/tools/bin/../lib/gcc/arm-none-eabi/7.2.1/../../../../arm-none-eabi/lib/thumb/v7e-m/fpv4-sp/hard\libcr_c.a(memset.o)
 .ARM.attributes
                0x00000390       0x39 c:/nxp/mcuxpressoide_10.2.0_759/ide/tools/bin/../lib/gcc/arm-none-eabi/7.2.1/../../../../arm-none-eabi/lib/thumb/v7e-m/fpv4-sp/hard\libcr_c.a(fpprintf.o)
 .ARM.attributes
                0x000003c9       0x39 c:/nxp/mcuxpressoide_10.2.0_759/ide/tools/bin/../lib/gcc/arm-none-eabi/7.2.1/../../../../arm-none-eabi/lib/thumb/v7e-m/fpv4-sp/hard\libcr_c.a(printf.o)
 .ARM.attributes
                0x00000402       0x39 c:/nxp/mcuxpressoide_10.2.0_759/ide/tools/bin/../lib/gcc/arm-none-eabi/7.2.1/../../../../arm-none-eabi/lib/thumb/v7e-m/fpv4-sp/hard\libcr_c.a(strlen.o)
 .ARM.attributes
                0x0000043b       0x39 c:/nxp/mcuxpressoide_10.2.0_759/ide/tools/bin/../lib/gcc/arm-none-eabi/7.2.1/../../../../arm-none-eabi/lib/thumb/v7e-m/fpv4-sp/hard\libcr_c.a(_deferredlazyseek.o)
 .ARM.attributes
                0x00000474       0x39 c:/nxp/mcuxpressoide_10.2.0_759/ide/tools/bin/../lib/gcc/arm-none-eabi/7.2.1/../../../../arm-none-eabi/lib/thumb/v7e-m/fpv4-sp/hard\libcr_c.a(_fflush.o)
 .ARM.attributes
                0x000004ad       0x39 c:/nxp/mcuxpressoide_10.2.0_759/ide/tools/bin/../lib/gcc/arm-none-eabi/7.2.1/../../../../arm-none-eabi/lib/thumb/v7e-m/fpv4-sp/hard\libcr_c.a(_frexpl.o)
 .ARM.attributes
                0x000004e6       0x39 c:/nxp/mcuxpressoide_10.2.0_759/ide/tools/bin/../lib/gcc/arm-none-eabi/7.2.1/../../../../arm-none-eabi/lib/thumb/v7e-m/fpv4-sp/hard\libcr_c.a(_ldexpl.o)
 .ARM.attributes
                0x0000051f       0x39 c:/nxp/mcuxpressoide_10.2.0_759/ide/tools/bin/../lib/gcc/arm-none-eabi/7.2.1/../../../../arm-none-eabi/lib/thumb/v7e-m/fpv4-sp/hard\libcr_c.a(_writebuf.o)
 .ARM.attributes
                0x00000558       0x39 c:/nxp/mcuxpressoide_10.2.0_759/ide/tools/bin/../lib/gcc/arm-none-eabi/7.2.1/../../../../arm-none-eabi/lib/thumb/v7e-m/fpv4-sp/hard\libcr_c.a(alloc.o)
 .ARM.attributes
                0x00000591       0x39 c:/nxp/mcuxpressoide_10.2.0_759/ide/tools/bin/../lib/gcc/arm-none-eabi/7.2.1/../../../../arm-none-eabi/lib/thumb/v7e-m/fpv4-sp/hard\libcr_c.a(errno.o)
 .ARM.attributes
                0x000005ca       0x39 c:/nxp/mcuxpressoide_10.2.0_759/ide/tools/bin/../lib/gcc/arm-none-eabi/7.2.1/../../../../arm-none-eabi/lib/thumb/v7e-m/fpv4-sp/hard\libcr_c.a(fseek.o)
 .ARM.attributes
                0x00000603       0x39 c:/nxp/mcuxpressoide_10.2.0_759/ide/tools/bin/../lib/gcc/arm-none-eabi/7.2.1/../../../../arm-none-eabi/lib/thumb/v7e-m/fpv4-sp/hard\libcr_c.a(ftell.o)
 .ARM.attributes
                0x0000063c       0x39 c:/nxp/mcuxpressoide_10.2.0_759/ide/tools/bin/../lib/gcc/arm-none-eabi/7.2.1/../../../../arm-none-eabi/lib/thumb/v7e-m/fpv4-sp/hard\libcr_c.a(__init_alloc.o)
 .ARM.attributes
                0x00000675       0x39 c:/nxp/mcuxpressoide_10.2.0_759/ide/tools/bin/../lib/gcc/arm-none-eabi/7.2.1/../../../../arm-none-eabi/lib/thumb/v7e-m/fpv4-sp/hard\libcr_c.a(_cr_sbrk.o)
 .ARM.attributes
                0x000006ae       0x39 c:/nxp/mcuxpressoide_10.2.0_759/ide/tools/bin/../lib/gcc/arm-none-eabi/7.2.1/../../../../arm-none-eabi/lib/thumb/v7e-m/fpv4-sp/hard\libcr_c.a(_hugeval.o)
 .ARM.attributes
                0x000006e7       0x39 c:/nxp/mcuxpressoide_10.2.0_759/ide/tools/bin/../lib/gcc/arm-none-eabi/7.2.1/../../../../arm-none-eabi/lib/thumb/v7e-m/fpv4-sp/hard\libcr_c.a(_cr_check_heap.o)
 .ARM.attributes
                0x00000720       0x39 c:/nxp/mcuxpressoide_10.2.0_759/ide/tools/bin/../lib/gcc/arm-none-eabi/7.2.1/thumb/v7e-m/fpv4-sp/hard\libcr_eabihelpers.a(double.o)
 .ARM.attributes
                0x00000759       0x25 c:/nxp/mcuxpressoide_10.2.0_759/ide/tools/bin/../lib/gcc/arm-none-eabi/7.2.1/thumb/v7e-m/fpv4-sp/hard\libcr_eabihelpers.a(memcpy.o)
 .ARM.attributes
                0x0000077e       0x39 c:/nxp/mcuxpressoide_10.2.0_759/ide/tools/bin/../lib/gcc/arm-none-eabi/7.2.1/../../../../arm-none-eabi/lib/thumb/v7e-m/fpv4-sp/hard\libcr_semihost_nf.a(__ciob.o)
 .ARM.attributes
                0x000007b7       0x25 c:/nxp/mcuxpressoide_10.2.0_759/ide/tools/bin/../lib/gcc/arm-none-eabi/7.2.1/../../../../arm-none-eabi/lib/thumb/v7e-m/fpv4-sp/hard\libcr_semihost_nf.a(__sys_appexit.o)
 .ARM.attributes
                0x000007dc       0x25 c:/nxp/mcuxpressoide_10.2.0_759/ide/tools/bin/../lib/gcc/arm-none-eabi/7.2.1/../../../../arm-none-eabi/lib/thumb/v7e-m/fpv4-sp/hard\libcr_semihost_nf.a(__sys_flen.o)
 .ARM.attributes
                0x00000801       0x25 c:/nxp/mcuxpressoide_10.2.0_759/ide/tools/bin/../lib/gcc/arm-none-eabi/7.2.1/../../../../arm-none-eabi/lib/thumb/v7e-m/fpv4-sp/hard\libcr_semihost_nf.a(__sys_istty.o)
 .ARM.attributes
                0x00000826       0x25 c:/nxp/mcuxpressoide_10.2.0_759/ide/tools/bin/../lib/gcc/arm-none-eabi/7.2.1/../../../../arm-none-eabi/lib/thumb/v7e-m/fpv4-sp/hard\libcr_semihost_nf.a(__sys_seek.o)
 .ARM.attributes
                0x0000084b       0x25 c:/nxp/mcuxpressoide_10.2.0_759/ide/tools/bin/../lib/gcc/arm-none-eabi/7.2.1/../../../../arm-none-eabi/lib/thumb/v7e-m/fpv4-sp/hard\libcr_semihost_nf.a(__sys_write.o)

.debug_frame    0x00000000     0x17c4
 .debug_frame   0x00000000       0x64 ./source/SysTick.o
 .debug_frame   0x00000064      0x194 ./source/drv_FRDM.o
 .debug_frame   0x000001f8      0x130 ./source/drv_display.o
 .debug_frame   0x00000328       0x9c ./source/drv_leds.o
 .debug_frame   0x000003c4       0xc8 ./source/drv_switch.o
 .debug_frame   0x0000048c      0x3cc ./source/fsm.o
 .debug_frame   0x00000858      0x2f4 ./source/gpio.o
 .debug_frame   0x00000b4c      0x108 ./source/lectora.o
 .debug_frame   0x00000c54      0x138 ./source/timer.o
 .debug_frame   0x00000d8c       0x70 ./SDK/startup/hardware.o
 .debug_frame   0x00000dfc       0x30 ./SDK/startup/main.o
 .debug_frame   0x00000e2c       0x20 ./SDK/startup/semihost_hardfault.o
 .debug_frame   0x00000e4c      0x904 ./SDK/startup/startup_mk64f12.o
 .debug_frame   0x00001750       0x74 ./SDK/CMSIS/system_MK64F12.o
